      Rank: 2
Dimensions: 1 x 1
Class Type: Double Precision Array
 Data Type: IEEE 754 double-precision
{
65 
}
      Rank: 2
Dimensions: 1 x 1
Class Type: Double Precision Array
 Data Type: IEEE 754 double-precision
{
68 
}
      Rank: 2
Dimensions: 1 x 1
Class Type: Double Precision Array
 Data Type: IEEE 754 double-precision
{
89 
}
      Rank: 2
Dimensions: 1 x 1
Class Type: Double Precision Array
 Data Type: IEEE 754 double-precision
{
92 
}
      Rank: 2
Dimensions: 1 x 1
Class Type: Double Precision Array
 Data Type: IEEE 754 double-precision
{
113 
}
      Rank: 2
Dimensions: 1 x 1
Class Type: Double Precision Array
 Data Type: IEEE 754 double-precision
{
116 
}
      Rank: 2
Dimensions: 1 x 1
Class Type: Double Precision Array
 Data Type: IEEE 754 double-precision
{
305 
}
      Rank: 2
Dimensions: 1 x 1
Class Type: Double Precision Array
 Data Type: IEEE 754 double-precision
{
308 
}
      Rank: 2
Dimensions: 1 x 1
Class Type: Double Precision Array
 Data Type: IEEE 754 double-precision
{
329 
}
      Rank: 2
Dimensions: 1 x 1
Class Type: Double Precision Array
 Data Type: IEEE 754 double-precision
{
332 
}
      Rank: 2
Dimensions: 1 x 1
Class Type: Double Precision Array
 Data Type: IEEE 754 double-precision
{
353 
}
      Rank: 2
Dimensions: 1 x 1
Class Type: Double Precision Array
 Data Type: IEEE 754 double-precision
{
356 
}
