      Name: a
      Rank: 2
Dimensions: 2 x 3
Class Type: Cell Array
 Data Type: Cell Array
{
      Rank: 2
Dimensions: 1 x 1
Class Type: Double Precision Array
 Data Type: IEEE 754 double-precision
{
0 
}
      Rank: 2
Dimensions: 1 x 1
Class Type: Double Precision Array
 Data Type: IEEE 754 double-precision
{
1 
}
      Rank: 2
Dimensions: 1 x 1
Class Type: Double Precision Array
 Data Type: IEEE 754 double-precision
{
2 
}
      Rank: 2
Dimensions: 1 x 1
Class Type: Double Precision Array
 Data Type: IEEE 754 double-precision
{
3 
}
      Rank: 2
Dimensions: 1 x 1
Class Type: Double Precision Array
 Data Type: IEEE 754 double-precision
{
4 
}
      Rank: 2
Dimensions: 1 x 1
Class Type: Double Precision Array
 Data Type: IEEE 754 double-precision
{
5 
}
}
      Name: a
      Rank: 2
Dimensions: 2 x 3
Class Type: Cell Array
 Data Type: Cell Array
{
      Rank: 2
Dimensions: 1 x 1
Class Type: Double Precision Array
 Data Type: IEEE 754 double-precision
{
7 
}
      Rank: 2
Dimensions: 1 x 1
Class Type: Double Precision Array
 Data Type: IEEE 754 double-precision
{
1 
}
      Rank: 2
Dimensions: 1 x 1
Class Type: Double Precision Array
 Data Type: IEEE 754 double-precision
{
8 
}
      Rank: 2
Dimensions: 1 x 1
Class Type: Double Precision Array
 Data Type: IEEE 754 double-precision
{
3 
}
      Rank: 2
Dimensions: 1 x 1
Class Type: Double Precision Array
 Data Type: IEEE 754 double-precision
{
9 
}
      Rank: 2
Dimensions: 1 x 1
Class Type: Double Precision Array
 Data Type: IEEE 754 double-precision
{
5 
}
}
