Name                       Size           Bytes          Class             

var1                       4x5                160B  mxDOUBLE_CLASS    
var24                      4x26               208B  mxCHAR_CLASS      
