Name                       Size           Bytes          Class             

MA                         1x1              633684  mxSTRUCT_CLASS    
