      Name: var65
      Rank: 2
Dimensions: 2 x 2
Class Type: Cell Array
 Data Type: Cell Array
{
      Rank: 2
Dimensions: 1 x 26
Class Type: Character Array
 Data Type: 8-bit, unsigned integer
{
abcdefghijklmnopqrstuvwxyz
}
      Rank: 2
Dimensions: 1 x 26
Class Type: Character Array
 Data Type: 8-bit, unsigned integer
{
ABCDEFGHIJKLMNOPQRSTUVWXYZ
}
      Rank: 2
Dimensions: 1 x 26
Class Type: Character Array
 Data Type: 8-bit, unsigned integer
{
1234567890!@#$%^&*()-_=+`~
}
      Rank: 2
Dimensions: 1 x 26
Class Type: Character Array
 Data Type: 8-bit, unsigned integer
{
[{]}\|;:'",<.>/?          
}
}
