      Name: var51
      Rank: 2
Dimensions: 0 x 0
Class Type: Cell Array
 Data Type: Cell Array
{
}
