      Name: x
      Rank: 2
Dimensions: 1 x 1
Class Type: Double Precision Array
 Data Type: IEEE 754 double-precision
{
3.14159 
}
