      Name: sparse_matrix
      Rank: 2
Dimensions: 5 x 10
Class Type: Sparse Array (complex)
 Data Type: 8-bit, unsigned integer
{
    (1,1)  1 + 51i
    (5,1)  5 + 55i
    (2,2)  7 + 57i
    (3,2)  8 + 58i
    (4,2)  9 + 59i
    (1,3)  11 + 61i
    (5,3)  15 + 65i
    (2,4)  17 + 67i
    (3,4)  18 + 68i
    (4,4)  19 + 69i
    (1,5)  21 + 71i
    (5,5)  25 + 75i
    (2,6)  27 + 77i
    (3,6)  28 + 78i
    (4,6)  29 + 79i
    (1,7)  31 + 81i
    (5,7)  35 + 85i
    (2,8)  37 + 87i
    (3,8)  38 + 88i
    (4,8)  39 + 89i
    (1,9)  41 + 91i
    (5,9)  45 + 95i
    (2,10)  47 + 97i
    (3,10)  48 + 98i
    (4,10)  49 + 99i
}
