      Name: var23
      Rank: 2
Dimensions: 0 x 0
Class Type: Double Precision Array
 Data Type: IEEE 754 double-precision
{
}
