      Name: var43
      Rank: 2
Dimensions: 2 x 1
Class Type: Structure
 Data Type: Structure
Fields[4] {
      Name: field1
      Rank: 2
Dimensions: 1 x 1
Class Type: 32-bit, unsigned integer array (complex)
 Data Type: 32-bit, unsigned integer
{
1 + 51i 
}
      Name: field2
      Rank: 2
Dimensions: 3 x 4
Class Type: 32-bit, unsigned integer array (complex)
 Data Type: 32-bit, unsigned integer
{
2 + 52i 5 + 55i 8 + 58i 11 + 61i 
3 + 53i 6 + 56i 9 + 59i 12 + 62i 
4 + 54i 7 + 57i 10 + 60i 13 + 63i 
}
      Name: field1
      Rank: 2
Dimensions: 1 x 1
Class Type: 32-bit, unsigned integer array (complex)
 Data Type: 32-bit, unsigned integer
{
14 + 64i 
}
      Name: field2
      Rank: 2
Dimensions: 3 x 4
Class Type: 32-bit, unsigned integer array (complex)
 Data Type: 32-bit, unsigned integer
{
15 + 65i 18 + 68i 21 + 71i 24 + 74i 
16 + 66i 19 + 69i 22 + 72i 25 + 75i 
17 + 67i 20 + 70i 23 + 73i 26 + 76i 
}
}
