      Name: var68
      Rank: 2
Dimensions: 2 x 1
Class Type: Cell Array
 Data Type: Cell Array
{
      Rank: 2
Dimensions: 1 x 1
Class Type: Structure
 Data Type: Structure
Fields[2] {
      Name: field1
      Rank: 2
Dimensions: 4 x 5
Class Type: Sparse Array
 Data Type: IEEE 754 double-precision
{
    (1,1)  1
    (1,2)  5
    (2,2)  6
    (1,3)  9
    (2,3)  10
    (3,3)  11
    (1,4)  13
    (2,4)  14
    (3,4)  15
    (4,4)  16
    (1,5)  17
    (2,5)  18
    (3,5)  19
    (4,5)  20
}
      Name: field2
      Rank: 2
Dimensions: 5 x 4
Class Type: Sparse Array
 Data Type: IEEE 754 double-precision
{
    (1,1)  1
    (2,1)  5
    (3,1)  9
    (4,1)  13
    (5,1)  17
    (2,2)  6
    (3,2)  10
    (4,2)  14
    (5,2)  18
    (3,3)  11
    (4,3)  15
    (5,3)  19
    (4,4)  16
    (5,4)  20
}
}
      Rank: 2
Dimensions: 1 x 1
Class Type: Structure
 Data Type: Structure
Fields[2] {
      Name: field1
      Rank: 2
Dimensions: 4 x 5
Class Type: Sparse Array (complex)
 Data Type: IEEE 754 double-precision
{
    (1,1)  1 + 21i
    (1,2)  5 + 25i
    (2,2)  6 + 26i
    (1,3)  9 + 29i
    (2,3)  10 + 30i
    (3,3)  11 + 31i
    (1,4)  13 + 33i
    (2,4)  14 + 34i
    (3,4)  15 + 35i
    (4,4)  16 + 36i
    (1,5)  17 + 37i
    (2,5)  18 + 38i
    (3,5)  19 + 39i
    (4,5)  20 + 40i
}
      Name: field2
      Rank: 2
Dimensions: 5 x 4
Class Type: Sparse Array (complex)
 Data Type: IEEE 754 double-precision
{
    (1,1)  1 + -21i
    (2,1)  5 + -25i
    (3,1)  9 + -29i
    (4,1)  13 + -33i
    (5,1)  17 + -37i
    (2,2)  6 + -26i
    (3,2)  10 + -30i
    (4,2)  14 + -34i
    (5,2)  18 + -38i
    (3,3)  11 + -31i
    (4,3)  15 + -35i
    (5,3)  19 + -39i
    (4,4)  16 + -36i
    (5,4)  20 + -40i
}
}
}
