      Name: empty
      Rank: 2
Dimensions: 0 x 10
Class Type: Double Precision Array
 Data Type: IEEE 754 double-precision
{
}
