      Name: f
      Rank: 2
Dimensions: 6 x 10
Class Type: Single Precision Array
 Data Type: IEEE 754 single-precision
{
1 0 4 0 7 0 10 0 13 0 
0 0 0 0 0 0 0 0 0 0 
2 0 5 0 8 0 11 0 14 0 
0 0 0 0 0 0 0 0 0 0 
3 0 6 0 9 0 12 0 15 0 
0 0 0 0 0 0 0 0 0 0 
}
