      Name: var3
      Rank: 2
Dimensions: 4 x 5
Class Type: 64-bit, signed integer array
 Data Type: 64-bit, signed integer
{
1 5 9 13 17 
2 6 10 14 18 
3 7 11 15 19 
4 8 12 16 20 
}
