      Name: a
      Rank: 2
Dimensions: 4 x 26
Class Type: Character Array
 Data Type: 8-bit, unsigned integer
{
abcdefghijklmnopqrstuvwxyz
ABCDEFGHIJKLMNOPQRSTUVWXYZ
1234567890!@#$%^&*()-_=+`~
[{]}\|;:'",<.>/?          
}
