      Name: var63
      Rank: 2
Dimensions: 1 x 2
Class Type: Cell Array
 Data Type: Cell Array
{
      Rank: 2
Dimensions: 4 x 5
Class Type: Sparse Array
 Data Type: IEEE 754 double-precision
{
    (1,1)  1
    (1,2)  5
    (2,2)  6
    (1,3)  9
    (2,3)  10
    (3,3)  11
    (1,4)  13
    (2,4)  14
    (3,4)  15
    (4,4)  16
    (1,5)  17
    (2,5)  18
    (3,5)  19
    (4,5)  20
}
      Rank: 2
Dimensions: 5 x 4
Class Type: Sparse Array
 Data Type: IEEE 754 double-precision
{
    (1,1)  1
    (2,1)  5
    (3,1)  9
    (4,1)  13
    (5,1)  17
    (2,2)  6
    (3,2)  10
    (4,2)  14
    (5,2)  18
    (3,3)  11
    (4,3)  15
    (5,3)  19
    (4,4)  16
    (5,4)  20
}
}
