      Name: sparse_matrix
      Rank: 2
Dimensions: 5 x 10
Class Type: Sparse Array
 Data Type: 16-bit, signed integer
{
    (1,1)  1
    (5,1)  5
    (2,2)  7
    (3,2)  8
    (4,2)  9
    (1,3)  11
    (5,3)  15
    (2,4)  17
    (3,4)  18
    (4,4)  19
    (1,5)  21
    (5,5)  25
    (2,6)  27
    (3,6)  28
    (4,6)  29
    (1,7)  31
    (5,7)  35
    (2,8)  37
    (3,8)  38
    (4,8)  39
    (1,9)  41
    (5,9)  45
    (2,10)  47
    (3,10)  48
    (4,10)  49
}
