      Name: var26
      Rank: 2
Dimensions: 0 x 1
Class Type: Structure
 Data Type: Structure
Fields[2] {
      Name: field1
      Rank: 0
      Name: field2
      Rank: 0
}
