      Name: var1
      Rank: 2
Dimensions: 0 x 1
Class Type: Cell Array
 Data Type: Cell Array
{
}
