Fieldnames of "a":
    0. field1
    1. field2
    2. field3
    3. field4
Fieldnames of "b":
  None
Fieldnames of "NULL":
  None
