      Name: a
      Rank: 4
Dimensions: 1 x 2 x 3 x 2
Class Type: Structure
 Data Type: Structure
Fields[24] {
      Name: r
      Rank: 2
Dimensions: 1 x 1
Class Type: Double Precision Array
 Data Type: IEEE 754 double-precision
{
65 
}
      Name: c
      Rank: 2
Dimensions: 1 x 1
Class Type: Double Precision Array
 Data Type: IEEE 754 double-precision
{
-65 
}
      Name: r
      Rank: 2
Dimensions: 1 x 1
Class Type: Double Precision Array
 Data Type: IEEE 754 double-precision
{
68 
}
      Name: c
      Rank: 2
Dimensions: 1 x 1
Class Type: Double Precision Array
 Data Type: IEEE 754 double-precision
{
-68 
}
      Name: r
      Rank: 2
Dimensions: 1 x 1
Class Type: Double Precision Array
 Data Type: IEEE 754 double-precision
{
89 
}
      Name: c
      Rank: 2
Dimensions: 1 x 1
Class Type: Double Precision Array
 Data Type: IEEE 754 double-precision
{
-89 
}
      Name: r
      Rank: 2
Dimensions: 1 x 1
Class Type: Double Precision Array
 Data Type: IEEE 754 double-precision
{
92 
}
      Name: c
      Rank: 2
Dimensions: 1 x 1
Class Type: Double Precision Array
 Data Type: IEEE 754 double-precision
{
-92 
}
      Name: r
      Rank: 2
Dimensions: 1 x 1
Class Type: Double Precision Array
 Data Type: IEEE 754 double-precision
{
113 
}
      Name: c
      Rank: 2
Dimensions: 1 x 1
Class Type: Double Precision Array
 Data Type: IEEE 754 double-precision
{
-113 
}
      Name: r
      Rank: 2
Dimensions: 1 x 1
Class Type: Double Precision Array
 Data Type: IEEE 754 double-precision
{
116 
}
      Name: c
      Rank: 2
Dimensions: 1 x 1
Class Type: Double Precision Array
 Data Type: IEEE 754 double-precision
{
-116 
}
      Name: r
      Rank: 2
Dimensions: 1 x 1
Class Type: Double Precision Array
 Data Type: IEEE 754 double-precision
{
305 
}
      Name: c
      Rank: 2
Dimensions: 1 x 1
Class Type: Double Precision Array
 Data Type: IEEE 754 double-precision
{
-305 
}
      Name: r
      Rank: 2
Dimensions: 1 x 1
Class Type: Double Precision Array
 Data Type: IEEE 754 double-precision
{
308 
}
      Name: c
      Rank: 2
Dimensions: 1 x 1
Class Type: Double Precision Array
 Data Type: IEEE 754 double-precision
{
-308 
}
      Name: r
      Rank: 2
Dimensions: 1 x 1
Class Type: Double Precision Array
 Data Type: IEEE 754 double-precision
{
329 
}
      Name: c
      Rank: 2
Dimensions: 1 x 1
Class Type: Double Precision Array
 Data Type: IEEE 754 double-precision
{
-329 
}
      Name: r
      Rank: 2
Dimensions: 1 x 1
Class Type: Double Precision Array
 Data Type: IEEE 754 double-precision
{
332 
}
      Name: c
      Rank: 2
Dimensions: 1 x 1
Class Type: Double Precision Array
 Data Type: IEEE 754 double-precision
{
-332 
}
      Name: r
      Rank: 2
Dimensions: 1 x 1
Class Type: Double Precision Array
 Data Type: IEEE 754 double-precision
{
353 
}
      Name: c
      Rank: 2
Dimensions: 1 x 1
Class Type: Double Precision Array
 Data Type: IEEE 754 double-precision
{
-353 
}
      Name: r
      Rank: 2
Dimensions: 1 x 1
Class Type: Double Precision Array
 Data Type: IEEE 754 double-precision
{
356 
}
      Name: c
      Rank: 2
Dimensions: 1 x 1
Class Type: Double Precision Array
 Data Type: IEEE 754 double-precision
{
-356 
}
}
