      Name: a
      Rank: 2
Dimensions: 2 x 1
Class Type: Structure
 Data Type: Structure
Fields[4] {
      Name: field1
      Rank: 0
      Name: field2
      Rank: 0
      Name: field1
      Rank: 0
      Name: field2
      Rank: 0
}
      Name: b
      Rank: 2
Dimensions: 2 x 1
Class Type: Structure
 Data Type: Structure
Fields[0] {
}
      Name: c
      Rank: 2
Dimensions: 0 x 0
Class Type: Structure
 Data Type: Structure
Fields[2] {
      Name: field1
      Rank: 0
      Name: field2
      Rank: 0
}
