      Name: a
      Rank: 2
Dimensions: 2 x 1
Class Type: Structure
 Data Type: Structure
Fields[4] {
      Name: field1
      Rank: 2
Dimensions: 5 x 10
Class Type: 32-bit, unsigned integer array (logical)
 Data Type: 32-bit, unsigned integer
{
0 1 0 1 0 1 0 1 0 1 
1 0 1 0 1 0 1 0 1 0 
0 1 0 1 0 1 0 1 0 1 
1 0 1 0 1 0 1 0 1 0 
0 1 0 1 0 1 0 1 0 1 
}
      Name: field2
      Rank: 2
Dimensions: 5 x 10
Class Type: 16-bit, unsigned integer array (logical)
 Data Type: 16-bit, unsigned integer
{
1 0 1 0 1 0 1 0 1 0 
0 1 0 1 0 1 0 1 0 1 
1 0 1 0 1 0 1 0 1 0 
0 1 0 1 0 1 0 1 0 1 
1 0 1 0 1 0 1 0 1 0 
}
      Name: field1
      Rank: 2
Dimensions: 0 x 5
Class Type: 8-bit, unsigned integer array (logical)
 Data Type: 8-bit, unsigned integer
{
}
      Name: field2
      Rank: 2
Dimensions: 5 x 5
Class Type: 8-bit, unsigned integer array (logical)
 Data Type: 8-bit, unsigned integer
{
1 0 0 0 0 
1 1 0 0 0 
1 1 1 0 0 
1 1 1 1 0 
1 1 1 1 1 
}
}
