      Name: a
      Rank: 2
Dimensions: 2 x 1
Class Type: Structure
 Data Type: Structure
Fields[4] {
      Name: field1
      Rank: 2
Dimensions: 3 x 4
Class Type: 64-bit, unsigned integer array
 Data Type: 64-bit, unsigned integer
{
1 4 7 10 
2 5 8 11 
3 6 9 12 
}
      Name: field2
      Rank: 2
Dimensions: 3 x 4
Class Type: 64-bit, unsigned integer array
 Data Type: 64-bit, unsigned integer
{
13 16 19 22 
14 17 20 23 
15 18 21 24 
}
      Name: field1
      Rank: 2
Dimensions: 3 x 4
Class Type: 64-bit, unsigned integer array
 Data Type: 64-bit, unsigned integer
{
25 28 31 34 
26 29 32 35 
27 30 33 36 
}
      Name: field2
      Rank: 2
Dimensions: 3 x 4
Class Type: 64-bit, unsigned integer array
 Data Type: 64-bit, unsigned integer
{
37 40 43 46 
38 41 44 47 
39 42 45 48 
}
}
