      Name: l4
      Rank: 2
Dimensions: 5 x 10
Class Type: 32-bit, unsigned integer array (logical)
 Data Type: 32-bit, unsigned integer
{
0 1 0 1 0 1 0 1 0 1 
1 0 1 0 1 0 1 0 1 0 
0 1 0 1 0 1 0 1 0 1 
1 0 1 0 1 0 1 0 1 0 
0 1 0 1 0 1 0 1 0 1 
}
